2026-08-03 11:46:13.870 +05:30 [INF] User profile is available. Using 'C:\Users\kaustubh.bhatlawande\AppData\Local\ASP.NET\DataProtection-Keys' as key repository and Windows DPAPI to encrypt keys at rest.
2026-08-03 11:46:13.923 +05:30 [INF] Creating key {85c38a40-6f0f-4399-96b5-e72bcd112507} with creation date 2026-08-03 06:16:13Z, activation date 2026-08-03 06:16:13Z, and expiration date 2026-11-01 06:16:13Z.
2026-08-03 11:46:13.949 +05:30 [INF] Writing data to file 'C:\Users\kaustubh.bhatlawande\AppData\Local\ASP.NET\DataProtection-Keys\key-85c38a40-6f0f-4399-96b5-e72bcd112507.xml'.
2026-08-03 11:46:14.018 +05:30 [INF] Now listening on: http://localhost:5000
2026-08-03 11:46:14.022 +05:30 [INF] Application started. Press Ctrl+C to shut down.
2026-08-03 11:46:14.023 +05:30 [INF] Hosting environment: Production
2026-08-03 11:46:14.024 +05:30 [INF] Content root path: C:\Users\kaustubh.bhatlawande\Desktop\LMS Portal - Copy\backend\LmsPortal.API
2026-08-03 11:46:27.950 +05:30 [INF] Request starting HTTP/1.1 GET http://localhost:5000/swagger - null null
2026-08-03 11:46:28.025 +05:30 [INF] HTTP GET /swagger responded 404 in 51.0767 ms
2026-08-03 11:46:28.037 +05:30 [INF] Request finished HTTP/1.1 GET http://localhost:5000/swagger - 404 0 null 89.4077ms
2026-08-03 11:46:28.046 +05:30 [INF] Request reached the end of the middleware pipeline without being handled by application code. Request path: GET http://localhost:5000/swagger, Response status code: 404
2026-08-03 11:47:32.184 +05:30 [INF] User profile is available. Using 'C:\Users\kaustubh.bhatlawande\AppData\Local\ASP.NET\DataProtection-Keys' as key repository and Windows DPAPI to encrypt keys at rest.
2026-08-03 11:47:32.622 +05:30 [ERR] Hosting failed to start
System.IO.IOException: Failed to bind to address http://127.0.0.1:5000: address already in use.
 ---> Microsoft.AspNetCore.Connections.AddressInUseException: Only one usage of each socket address (protocol/network address/port) is normally permitted.
 ---> System.Net.Sockets.SocketException (10048): Only one usage of each socket address (protocol/network address/port) is normally permitted.
   at System.Net.Sockets.Socket.UpdateStatusAfterSocketErrorAndThrowException(SocketError error, Boolean disconnectOnFailure, String callerName)
   at System.Net.Sockets.Socket.DoBind(EndPoint endPointSnapshot, SocketAddress socketAddress)
   at System.Net.Sockets.Socket.Bind(EndPoint localEP)
   at Microsoft.AspNetCore.Server.Kestrel.Transport.Sockets.SocketTransportOptions.CreateDefaultBoundListenSocket(EndPoint endpoint)
   at Microsoft.AspNetCore.Server.Kestrel.Transport.Sockets.SocketConnectionListener.Bind()
   --- End of inner exception stack trace ---
   at Microsoft.AspNetCore.Server.Kestrel.Transport.Sockets.SocketConnectionListener.Bind()
   at Microsoft.AspNetCore.Server.Kestrel.Transport.Sockets.SocketTransportFactory.BindAsync(EndPoint endpoint, CancellationToken cancellationToken)
   at Microsoft.AspNetCore.Server.Kestrel.Core.Internal.Infrastructure.TransportManager.BindAsync(EndPoint endPoint, ConnectionDelegate connectionDelegate, EndpointConfig endpointConfig, CancellationToken cancellationToken)
   at Microsoft.AspNetCore.Server.Kestrel.Core.KestrelServerImpl.<>c__DisplayClass28_0`1.<<StartAsync>g__OnBind|0>d.MoveNext()
--- End of stack trace from previous location ---
   at Microsoft.AspNetCore.Server.Kestrel.Core.Internal.AddressBinder.BindEndpointAsync(ListenOptions endpoint, AddressBindContext context, CancellationToken cancellationToken)
   --- End of inner exception stack trace ---
   at Microsoft.AspNetCore.Server.Kestrel.Core.Internal.AddressBinder.BindEndpointAsync(ListenOptions endpoint, AddressBindContext context, CancellationToken cancellationToken)
   at Microsoft.AspNetCore.Server.Kestrel.Core.LocalhostListenOptions.BindAsync(AddressBindContext context, CancellationToken cancellationToken)
   at Microsoft.AspNetCore.Server.Kestrel.Core.Internal.AddressBinder.AddressesStrategy.BindAsync(AddressBindContext context, CancellationToken cancellationToken)
   at Microsoft.AspNetCore.Server.Kestrel.Core.KestrelServerImpl.BindAsync(CancellationToken cancellationToken)
   at Microsoft.AspNetCore.Server.Kestrel.Core.KestrelServerImpl.StartAsync[TContext](IHttpApplication`1 application, CancellationToken cancellationToken)
   at Microsoft.AspNetCore.Hosting.GenericWebHostService.StartAsync(CancellationToken cancellationToken)
   at Microsoft.Extensions.Hosting.Internal.Host.<StartAsync>b__14_1(IHostedService service, CancellationToken token)
   at Microsoft.Extensions.Hosting.Internal.Host.ForeachService[T](IEnumerable`1 services, CancellationToken token, Boolean concurrent, Boolean abortOnFirstException, List`1 exceptions, Func`3 operation)
